
[1m[30m[46m RUN [49m[39m[22m [36mv4.1.7 [39m[90mD:/mywork/github/jesshaw/generator-jhipster-chimera[39m

 [32m✓[39m generators/bootstrap-application-base/generator.spec.ts [2m([22m[2m1 test[22m[2m)[22m[33m 2001[2mms[22m[39m
 [32m✓[39m generators/spring-boot/generators/data-relational/generator.spec.ts [2m([22m[2m1 test[22m[2m)[22m[33m 2215[2mms[22m[39m
 [32m✓[39m generators/client/generators/i18n/generator.spec.ts [2m([22m[2m1 test[22m[2m)[22m[33m 3887[2mms[22m[39m
 [32m✓[39m generators/liquibase/generator.spec.ts [2m([22m[2m1 test[22m[2m)[22m[33m 5378[2mms[22m[39m
 [32m✓[39m generators/spring-boot/generators/jwt/generator.spec.ts [2m([22m[2m1 test[22m[2m)[22m[33m 5464[2mms[22m[39m
 [32m✓[39m generators/client/generator.spec.ts [2m([22m[2m1 test[22m[2m)[22m[33m 11883[2mms[22m[39m
       [33m[2m✓[22m[39m should succeed [33m 308[2mms[22m[39m
 [32m✓[39m generators/spring-boot/generator.spec.ts [2m([22m[2m1 test[22m[2m)[22m[33m 12050[2mms[22m[39m
 [32m✓[39m generators/react/generator.spec.ts [2m([22m[2m1 test[22m[2m)[22m[33m 12655[2mms[22m[39m

[2m Test Files [22m [1m[32m8 passed[39m[22m[90m (8)[39m
[2m      Tests [22m [1m[32m8 passed[39m[22m[90m (8)[39m
[2m   Start at [22m 09:23:40
[2m   Duration [22m 20.58s[2m (transform 431ms, setup 56.22s, import 667ms, tests 55.53s, environment 3ms)[22m

